
[1;34m▶ 检查前置条件[0m

[1;34m▶ 本次发布版本：v1.1.0（内部构建号 34）[0m

[1;34m▶ 生成 Xcode 工程并做 Release 构建[0m
Command line invocation:
    /Applications/Xcode.app/Contents/Developer/usr/bin/xcodebuild -project MacResourceMonitor.xcodeproj -scheme MacResourceMonitor -configuration Release -destination platform=macOS -derivedDataPath build/DerivedData -allowProvisioningUpdates build

Resolve Package Graph

Fetching from https://github.com/x0c/mac-kit-swift (cached)

Fetching from https://github.com/sparkle-project/Sparkle (cached)

Creating working copy of package ‘Sparkle’

Creating working copy of package ‘mac-kit-swift’

Checking out 0.1.4 of package ‘mac-kit-swift’

Checking out 2.9.6 of package ‘Sparkle’


Resolved source packages:
  MacKit: https://github.com/x0c/mac-kit-swift @ 0.1.4
  Sparkle: https://github.com/sparkle-project/Sparkle @ 2.9.6

--- xcodebuild: WARNING: Using the first of multiple matching destinations:
{ platform:macOS, arch:arm64, id:00006000-001868123AFA401E, name:My Mac }
{ platform:macOS, arch:x86_64, id:00006000-001868123AFA401E, name:My Mac }
ComputePackagePrebuildTargetDependencyGraph

Prepare packages

CreateBuildRequest

SendProjectDescription

CreateBuildOperation

ComputeTargetDependencyGraph
note: Building targets in dependency order
note: Target dependency graph (12 targets)
    Target 'MacResourceMonitor' in project 'MacResourceMonitor'
        ➜ Explicit dependency on target 'Sparkle' in project 'Sparkle'
        ➜ Explicit dependency on target 'MacKitCore' in project 'MacKit'
        ➜ Explicit dependency on target 'MacKitLaunchAtLogin' in project 'MacKit'
        ➜ Explicit dependency on target 'MacKitLifecycle' in project 'MacKit'
        ➜ Explicit dependency on target 'MacKitOverlay' in project 'MacKit'
        ➜ Explicit dependency on target 'MacKitUpdater' in project 'MacKit'
    Target 'MacKitUpdater' in project 'MacKit'
        ➜ Explicit dependency on target 'MacKitUpdater' in project 'MacKit'
        ➜ Explicit dependency on target 'MacKitCore' in project 'MacKit'
        ➜ Explicit dependency on target 'Sparkle' in project 'Sparkle'
    Target 'MacKitUpdater' in project 'MacKit'
        ➜ Explicit dependency on target 'MacKitCore' in project 'MacKit'
        ➜ Explicit dependency on target 'Sparkle' in project 'Sparkle'
    Target 'MacKitOverlay' in project 'MacKit'
        ➜ Explicit dependency on target 'MacKitOverlay' in project 'MacKit'
        ➜ Explicit dependency on target 'MacKitCore' in project 'MacKit'
    Target 'MacKitOverlay' in project 'MacKit'
        ➜ Explicit dependency on target 'MacKitCore' in project 'MacKit'
    Target 'MacKitLifecycle' in project 'MacKit'
        ➜ Explicit dependency on target 'MacKitLifecycle' in project 'MacKit'
    Target 'MacKitLifecycle' in project 'MacKit' (no dependencies)
    Target 'MacKitLaunchAtLogin' in project 'MacKit'
        ➜ Explicit dependency on target 'MacKitLaunchAtLogin' in project 'MacKit'
        ➜ Explicit dependency on target 'MacKitCore' in project 'MacKit'
    Target 'MacKitLaunchAtLogin' in project 'MacKit'
        ➜ Explicit dependency on target 'MacKitCore' in project 'MacKit'
    Target 'MacKitCore' in project 'MacKit'
        ➜ Explicit dependency on target 'MacKitCore' in project 'MacKit'
    Target 'MacKitCore' in project 'MacKit' (no dependencies)
    Target 'Sparkle' in project 'Sparkle' (no dependencies)

GatherProvisioningInputs

CreateBuildDescription

ExecuteExternalTool /Applications/Xcode.app/Contents/Developer/Toolchains/XcodeDefault.xctoolchain/usr/bin/swiftc --version

ExecuteExternalTool /Applications/Xcode.app/Contents/Developer/Toolchains/XcodeDefault.xctoolchain/usr/bin/clang -v -E -dM -isysroot /Applications/Xcode.app/Contents/Developer/Platforms/MacOSX.platform/Developer/SDKs/MacOSX26.2.sdk -x c -c /dev/null

ExecuteExternalTool /Applications/Xcode.app/Contents/Developer/usr/bin/actool --version --output-format xml1

ExecuteExternalTool /Applications/Xcode.app/Contents/Developer/Toolchains/XcodeDefault.xctoolchain/usr/bin/ld -version_details

ExecuteExternalTool /Applications/Xcode.app/Contents/Developer/usr/bin/xcstringstool compile --dry-run --output-directory /Users/geraltgraham/Codes/CPUKiller/app-macos/build/DerivedData/Build/Intermediates.noindex/MacResourceMonitor.build/Release/MacResourceMonitor.build /Users/geraltgraham/Codes/CPUKiller/app-macos/MacResourceMonitor/Localizable.xcstrings

Build description signature: 6721d9f7d8f92790bb5b456bab939109
Build description path: /Users/geraltgraham/Codes/CPUKiller/app-macos/build/DerivedData/Build/Intermediates.noindex/XCBuildData/6721d9f7d8f92790bb5b456bab939109.xcbuilddata
ClangStatCache /Applications/Xcode.app/Contents/Developer/Toolchains/XcodeDefault.xctoolchain/usr/bin/clang-stat-cache /Applications/Xcode.app/Contents/Developer/Platforms/MacOSX.platform/Developer/SDKs/MacOSX26.2.sdk /Users/geraltgraham/Codes/CPUKiller/app-macos/build/DerivedData/SDKStatCaches.noindex/macosx26.2-25C58-e8867d0c40613ffc63e0238af232dc5000fa09913b459cbbc988d1f6730289ae.sdkstatcache
    cd /Users/geraltgraham/Codes/CPUKiller/app-macos/MacResourceMonitor.xcodeproj
    /Applications/Xcode.app/Contents/Developer/Toolchains/XcodeDefault.xctoolchain/usr/bin/clang-stat-cache /Applications/Xcode.app/Contents/Developer/Platforms/MacOSX.platform/Developer/SDKs/MacOSX26.2.sdk -o /Users/geraltgraham/Codes/CPUKiller/app-macos/build/DerivedData/SDKStatCaches.noindex/macosx26.2-25C58-e8867d0c40613ffc63e0238af232dc5000fa09913b459cbbc988d1f6730289ae.sdkstatcache
